// Jest Snapshot v1, https://goo.gl/fbAQLP

exports[`Loot renders properly 1`] = `
ShallowWrapper {
  "length": 1,
  Symbol(enzyme.__root__): [Circular],
  Symbol(enzyme.__unrendered__): <Loot
    balance={10}
    bitcoin={
        Object {
            "bpi": Object {
              "USD": Object {
                "rate": "1,000",
              },
            },
          }
    }
    fetchBitcoin={[Function]}
/>,
  Symbol(enzyme.__renderer__): Object {
    "batchedUpdates": [Function],
    "getNode": [Function],
    "render": [Function],
    "simulateEvent": [Function],
    "unmount": [Function],
  },
  Symbol(enzyme.__node__): Object {
    "instance": null,
    "key": undefined,
    "nodeType": "host",
    "props": Object {
      "children": Array [
        "Bitcoin balance: ",
        0.01,
      ],
    },
    "ref": null,
    "rendered": Array [
      "Bitcoin balance: ",
      0.01,
    ],
    "type": "h3",
  },
  Symbol(enzyme.__nodes__): Array [
    Object {
      "instance": null,
      "key": undefined,
      "nodeType": "host",
      "props": Object {
        "children": Array [
          "Bitcoin balance: ",
          0.01,
        ],
      },
      "ref": null,
      "rendered": Array [
        "Bitcoin balance: ",
        0.01,
      ],
      "type": "h3",
    },
  ],
  Symbol(enzyme.__options__): Object {
    "adapter": ReactSixteenAdapter {
      "options": Object {
        "enableComponentDidUpdateOnSetState": true,
      },
    },
    "disableLifecycleMethods": true,
  },
}
`;
